// Jest Snapshot v1, https://goo.gl/fbAQLP

exports[`CommunitiesList should render CommunitiesList component 1`] = `ReactWrapper {}`;
