// Jest Snapshot v1, https://goo.gl/fbAQLP

exports[`should render Home component 1`] = `ShallowWrapper {}`;
